     Assembly listing for: IfDemoSimple.mas
                Assembled: Tue Mar 18 06:17:36 CDT 2014

         |                          /********************************
         |                          / IfDemoSimple
         |                          / Chris Jones
         |                          / 03-18-2014
         |                          /
         |                          / Description: Emulates the function
         |                          / of a simple if statement in a higher
         |                          / level language.
         |                          / 
         |                          / *******************************
         |                          
         |                          
         |         ORG 100          / IfDemoSimple
100 5000 |         INPUT            / Read a value from the keyboard into AC
101 210D |         STORE num1       / put our first number in num1
102 5000 |         INPUT            / Read a value from the keyboard into AC
103 210E |         STORE num2       / put our first number in num2 also still in AC
104 410D |         SUBT num1        / subtract num1 from num 2
105 8800 |         SKIPCOND 800     / if num2 was larger skip next line
106 910A |         JUMP num1gt      / jump to the label num1gt (number 1 greater than num2
107 110E |         LOAD num2        / num2 is greater than or equal to num1 so load into AC
108 6000 |         OUTPUT           / print it out
109 910C |         JUMP stop        / go to end of program
10A 110D |  num1gt LOAD num1        / load num1 into the AC
10B 6000 |         OUTPUT           / print out num 1
10C 7000 |  stop   HALT             / end program
         |                          	
         |                          / ******************************************************************
         |                          / Variables
         |                          /*******************************************************************
10D 0000 |  num1   DEC 0            / storage for num1
10E 0000 |  num2   DEC 0            / storage for num2

Assembly successful.

         SYMBOL TABLE
         --------------------------------------------------
          Symbol | Defined | References 
         --------+---------+-------------------------------
          num1   |   10D   | 101, 104, 10A
          num1gt |   10A   | 106
          num2   |   10E   | 103, 107
          stop   |   10C   | 109
         --------------------------------------------------

